
> connectimi-frontend@0.0.0 build
> vite build

[36mvite v7.3.0 [32mbuilding client environment for production...[36m[39m
transforming...
[32mΓ£ô[39m 35 modules transformed.
Γ£ù Build failed in 3.50s
error during build:
[vite:react-babel] C:\Users\suroj\OneDrive\Desktop\connectimi\connectimi-web-frontend\src\components\Icon.jsx: Identifier 'FiMapPin' has already been declared. (9:80)

   7 |   FiShare2, FiAlertTriangle, FiFile, FiMoon, FiSun, FiHash, FiCalendar,
   8 |   FiThumbsUp, FiMessageSquare, FiBookmark, FiImage, FiVideo, FiEye, FiTrendingUp,
>  9 |   FiLock, FiUnlock, FiCheckCircle, FiClock, FiCheck, FiArrowRight, FiChartLine, FiMapPin, FiCalendar
     |                                                                                 ^
  10 | } from 'react-icons/fi';
  11 |
  12 | import { FaStar } from "react-icons/fa";
file: C:/Users/suroj/OneDrive/Desktop/connectimi/connectimi-web-frontend/src/components/Icon.jsx:9:80
    at constructor (C:\Users\suroj\OneDrive\Desktop\connectimi\connectimi-web-frontend\node_modules\@babel\parser\lib\index.js:367:19)
    at JSXParserMixin.raise (C:\Users\suroj\OneDrive\Desktop\connectimi\connectimi-web-frontend\node_modules\@babel\parser\lib\index.js:6624:19)
    at ScopeHandler.checkRedeclarationInScope (C:\Users\suroj\OneDrive\Desktop\connectimi\connectimi-web-frontend\node_modules\@babel\parser\lib\index.js:1646:19)
    at ScopeHandler.declareName (C:\Users\suroj\OneDrive\Desktop\connectimi\connectimi-web-frontend\node_modules\@babel\parser\lib\index.js:1612:12)
    at JSXParserMixin.declareNameFromIdentifier (C:\Users\suroj\OneDrive\Desktop\connectimi\connectimi-web-frontend\node_modules\@babel\parser\lib\index.js:7594:16)
    at JSXParserMixin.checkIdentifier (C:\Users\suroj\OneDrive\Desktop\connectimi\connectimi-web-frontend\node_modules\@babel\parser\lib\index.js:7590:12)
    at JSXParserMixin.checkLVal (C:\Users\suroj\OneDrive\Desktop\connectimi\connectimi-web-frontend\node_modules\@babel\parser\lib\index.js:7527:12)
    at JSXParserMixin.finishImportSpecifier (C:\Users\suroj\OneDrive\Desktop\connectimi\connectimi-web-frontend\node_modules\@babel\parser\lib\index.js:14342:10)
    at JSXParserMixin.parseImportSpecifier (C:\Users\suroj\OneDrive\Desktop\connectimi\connectimi-web-frontend\node_modules\@babel\parser\lib\index.js:14499:17)
    at JSXParserMixin.parseNamedImportSpecifiers (C:\Users\suroj\OneDrive\Desktop\connectimi\connectimi-web-frontend\node_modules\@babel\parser\lib\index.js:14478:36)
    at JSXParserMixin.parseImportSpecifiersAndAfter (C:\Users\suroj\OneDrive\Desktop\connectimi\connectimi-web-frontend\node_modules\@babel\parser\lib\index.js:14318:37)
    at JSXParserMixin.parseImport (C:\Users\suroj\OneDrive\Desktop\connectimi\connectimi-web-frontend\node_modules\@babel\parser\lib\index.js:14311:17)
    at JSXParserMixin.parseStatementContent (C:\Users\suroj\OneDrive\Desktop\connectimi\connectimi-web-frontend\node_modules\@babel\parser\lib\index.js:12952:27)
    at JSXParserMixin.parseStatementLike (C:\Users\suroj\OneDrive\Desktop\connectimi\connectimi-web-frontend\node_modules\@babel\parser\lib\index.js:12843:17)
    at JSXParserMixin.parseModuleItem (C:\Users\suroj\OneDrive\Desktop\connectimi\connectimi-web-frontend\node_modules\@babel\parser\lib\index.js:12820:17)
    at JSXParserMixin.parseBlockOrModuleBlockBody (C:\Users\suroj\OneDrive\Desktop\connectimi\connectimi-web-frontend\node_modules\@babel\parser\lib\index.js:13392:36)
    at JSXParserMixin.parseBlockBody (C:\Users\suroj\OneDrive\Desktop\connectimi\connectimi-web-frontend\node_modules\@babel\parser\lib\index.js:13385:10)
    at JSXParserMixin.parseProgram (C:\Users\suroj\OneDrive\Desktop\connectimi\connectimi-web-frontend\node_modules\@babel\parser\lib\index.js:12698:10)
    at JSXParserMixin.parseTopLevel (C:\Users\suroj\OneDrive\Desktop\connectimi\connectimi-web-frontend\node_modules\@babel\parser\lib\index.js:12688:25)
    at JSXParserMixin.parse (C:\Users\suroj\OneDrive\Desktop\connectimi\connectimi-web-frontend\node_modules\@babel\parser\lib\index.js:14568:25)
    at parse (C:\Users\suroj\OneDrive\Desktop\connectimi\connectimi-web-frontend\node_modules\@babel\parser\lib\index.js:14602:38)
    at parser (C:\Users\suroj\OneDrive\Desktop\connectimi\connectimi-web-frontend\node_modules\@babel\core\lib\parser\index.js:41:34)
    at parser.next (<anonymous>)
    at normalizeFile (C:\Users\suroj\OneDrive\Desktop\connectimi\connectimi-web-frontend\node_modules\@babel\core\lib\transformation\normalize-file.js:64:37)
    at normalizeFile.next (<anonymous>)
    at run (C:\Users\suroj\OneDrive\Desktop\connectimi\connectimi-web-frontend\node_modules\@babel\core\lib\transformation\index.js:22:50)
    at run.next (<anonymous>)
    at transform (C:\Users\suroj\OneDrive\Desktop\connectimi\connectimi-web-frontend\node_modules\@babel\core\lib\transform.js:22:33)
    at transform.next (<anonymous>)
    at step (C:\Users\suroj\OneDrive\Desktop\connectimi\connectimi-web-frontend\node_modules\gensync\index.js:261:32)
    at evaluateAsync (C:\Users\suroj\OneDrive\Desktop\connectimi\connectimi-web-frontend\node_modules\gensync\index.js:291:5)
    at C:\Users\suroj\OneDrive\Desktop\connectimi\connectimi-web-frontend\node_modules\gensync\index.js:93:9
    at new Promise (<anonymous>)
    at async (C:\Users\suroj\OneDrive\Desktop\connectimi\connectimi-web-frontend\node_modules\gensync\index.js:92:14)
    at stopHiding - secret - don't use this - v1 (C:\Users\suroj\OneDrive\Desktop\connectimi\connectimi-web-frontend\node_modules\@babel\core\lib\errors\rewrite-stack-trace.js:47:12)
    at Module.transformAsync (C:\Users\suroj\OneDrive\Desktop\connectimi\connectimi-web-frontend\node_modules\@babel\core\lib\transform.js:45:77)
    at Object.handler (file:///C:/Users/suroj/OneDrive/Desktop/connectimi/connectimi-web-frontend/node_modules/@vitejs/plugin-react/dist/index.js:206:46)
